Testing youtube_finder...
Video: {'title': 'Selenium Full Course - Learn Selenium in 12 Hours | Selenium Tutorial For Beginners | Edureka', 'url': 'https://www.youtube.com/watch?v=FRn5J31eAMw'}

Testing docs_finder...
Docs: None
